[    0.000000] Linux version 4.15.0-212-generic (buildd@lcy02-amd64-083) (gcc version 7.5.0 (Ubuntu 7.5.0-3ubuntu1~18.04)) #223-Ubuntu SMP Tue May 23 13:09:22 UTC 2023 (Ubuntu 4.15.0-212.223-generic 4.15.18)
[    0.000000] Command line: BOOT_IMAGE=/boot/vmlinuz-4.15.0-212-generic root=LABEL=cloudimg-rootfs ro console=tty1 console=ttyS0
[    0.000000] KERNEL supported cpus:
[    0.000000]   Intel GenuineIntel
[    0.000000]   AMD AuthenticAMD
[    0.000000]   Centaur CentaurHauls
[    0.000000] x86/fpu: x87 FPU will use FXSAVE
[    0.000000] e820: BIOS-provided physical RAM map:
[    0.000000] BIOS-e820: [mem 0x0000000000000000-0x000000000009fbff] usable
[    0.000000] BIOS-e820: [mem 0x000000000009fc00-0x000000000009ffff] reserved
[    0.000000] BIOS-e820: [mem 0x00000000000f0000-0x00000000000fffff] reserved
[    0.000000] BIOS-e820: [mem 0x0000000000100000-0x000000007ffeffff] usable
[    0.000000] BIOS-e820: [mem 0x000000007fff0000-0x000000007fffffff] ACPI data
[    0.000000] BIOS-e820: [mem 0x00000000fec00000-0x00000000fec00fff] reserved
[    0.000000] BIOS-e820: [mem 0x00000000fee00000-0x00000000fee00fff] reserved
[    0.000000] BIOS-e820: [mem 0x00000000fffc0000-0x00000000ffffffff] reserved
[    0.000000] NX (Execute Disable) protection: active
[    0.000000] SMBIOS 2.5 present.
[    0.000000] DMI: innotek GmbH VirtualBox/VirtualBox, BIOS VirtualBox 12/01/2006
[    0.000000] Hypervisor detected: KVM
[    0.000000] e820: last_pfn = 0x7fff0 max_arch_pfn = 0x400000000
[    0.000000] MTRR: Disabled
[    0.000000] x86/PAT: MTRRs disabled, skipping PAT initialization too.
[    0.000000] CPU MTRRs all blank - virtualized system.
[    0.000000] x86/PAT: Configuration [0-7]: WB  WT  UC- UC  WB  WT  UC- UC  
[    0.000000] found SMP MP-table at [mem 0x0009fff0-0x0009ffff]
[    0.000000] Scanning 1 areas for low memory corruption
[    0.000000] RAMDISK: [mem 0x359cb000-0x36cdcfff]
[    0.000000] ACPI: Early table checksum verification disabled
[    0.000000] ACPI: RSDP 0x00000000000E0000 000024 (v02 VBOX  )
[    0.000000] ACPI: XSDT 0x000000007FFF0030 00003C (v01 VBOX   VBOXXSDT 00000001 ASL  00000061)
[    0.000000] ACPI: FACP 0x000000007FFF00F0 0000F4 (v04 VBOX   VBOXFACP 00000001 ASL  00000061)
[    0.000000] ACPI: DSDT 0x000000007FFF0610 002353 (v02 VBOX   VBOXBIOS 00000002 INTL 20100528)
[    0.000000] ACPI: FACS 0x000000007FFF0200 000040
[    0.000000] ACPI: FACS 0x000000007FFF0200 000040
[    0.000000] ACPI: APIC 0x000000007FFF0240 00005C (v02 VBOX   VBOXAPIC 00000001 ASL  00000061)
[    0.000000] ACPI: SSDT 0x000000007FFF02A0 00036C (v01 VBOX   VBOXCPUT 00000002 INTL 20100528)
[    0.000000] ACPI: Reserving FACP table memory at [mem 0x7fff00f0-0x7fff01e3]
[    0.000000] ACPI: Reserving DSDT table memory at [mem 0x7fff0610-0x7fff2962]
[    0.000000] ACPI: Reserving FACS table memory at [mem 0x7fff0200-0x7fff023f]
[    0.000000] ACPI: Reserving FACS table memory at [mem 0x7fff0200-0x7fff023f]
[    0.000000] ACPI: Reserving APIC table memory at [mem 0x7fff0240-0x7fff029b]
[    0.000000] ACPI: Reserving SSDT table memory at [mem 0x7fff02a0-0x7fff060b]
[    0.000000] No NUMA configuration found
[    0.000000] Faking a node at [mem 0x0000000000000000-0x000000007ffeffff]
[    0.000000] NODE_DATA(0) allocated [mem 0x7ffc5000-0x7ffeffff]
[    0.000000] kvm-clock: cpu 0, msr 0:7ff44001, primary cpu clock
[    0.000000] kvm-clock: Using msrs 4b564d01 and 4b564d00
[    0.000000] kvm-clock: using sched offset of 3704724398 cycles
[    0.000000] clocksource: kvm-clock: mask: 0xffffffffffffffff max_cycles: 0x1cd42e4dffb, max_idle_ns: 881590591483 ns
[    0.000000] Zone ranges:
[    0.000000]   DMA      [mem 0x0000000000001000-0x0000000000ffffff]
[    0.000000]   DMA32    [mem 0x0000000001000000-0x000000007ffeffff]
[    0.000000]   Normal   empty
[    0.000000]   Device   empty
[    0.000000] Movable zone start for each node
[    0.000000] Early memory node ranges
[    0.000000]   node   0: [mem 0x0000000000001000-0x000000000009efff]
[    0.000000]   node   0: [mem 0x0000000000100000-0x000000007ffeffff]
[    0.000000] Reserved but unavailable: 104 pages
[    0.000000] Initmem setup node 0 [mem 0x0000000000001000-0x000000007ffeffff]
[    0.000000] ACPI: PM-Timer IO Port: 0x4008
[    0.000000] IOAPIC[0]: apic_id 2, version 32, address 0xfec00000, GSI 0-23
[    0.000000] ACPI: INT_SRC_OVR (bus 0 bus_irq 0 global_irq 2 dfl dfl)
[    0.000000] ACPI: INT_SRC_OVR (bus 0 bus_irq 9 global_irq 9 low level)
[    0.000000] Using ACPI (MADT) for SMP configuration information
[    0.000000] smpboot: Allowing 2 CPUs, 0 hotplug CPUs
[    0.000000] PM: Registered nosave memory: [mem 0x00000000-0x00000fff]
[    0.000000] PM: Registered nosave memory: [mem 0x0009f000-0x0009ffff]
[    0.000000] PM: Registered nosave memory: [mem 0x000a0000-0x000effff]
[    0.000000] PM: Registered nosave memory: [mem 0x000f0000-0x000fffff]
[    0.000000] e820: [mem 0x80000000-0xfebfffff] available for PCI devices
[    0.000000] Booting paravirtualized kernel on KVM
[    0.000000] clocksource: refined-jiffies: mask: 0xffffffff max_cycles: 0xffffffff, max_idle_ns: 7645519600211568 ns
[    0.000000] setup_percpu: NR_CPUS:8192 nr_cpumask_bits:2 nr_cpu_ids:2 nr_node_ids:1
[    0.000000] percpu: Embedded 50 pages/cpu s167936 r8192 d28672 u1048576
[    0.000000] PV qspinlock hash table entries: 256 (order: 0, 4096 bytes)
[    0.000000] Built 1 zonelists, mobility grouping on.  Total pages: 515961
[    0.000000] Policy zone: DMA32
[    0.000000] Kernel command line: BOOT_IMAGE=/boot/vmlinuz-4.15.0-212-generic root=LABEL=cloudimg-rootfs ro console=tty1 console=ttyS0
[    0.000000] Memory: 2014836K/2096696K available (12300K kernel code, 2477K rwdata, 4324K rodata, 2480K init, 2720K bss, 81860K reserved, 0K cma-reserved)
[    0.000000] SLUB: HWalign=64, Order=0-3, MinObjects=0, CPUs=2, Nodes=1
[    0.000000] ftrace: allocating 39508 entries in 155 pages
[    0.004000] Hierarchical RCU implementation.
[    0.004000] 	RCU restricting CPUs from NR_CPUS=8192 to nr_cpu_ids=2.
[    0.004000] 	Tasks RCU enabled.
[    0.004000] RCU: Adjusting geometry for rcu_fanout_leaf=16, nr_cpu_ids=2
[    0.004000] NR_IRQS: 524544, nr_irqs: 440, preallocated irqs: 16
[    0.004000] random: crng init done
[    0.004000] Console: colour VGA+ 80x25
[    0.004000] console [tty1] enabled
[    0.004000] console [ttyS0] enabled
[    0.004000] ACPI: Core revision 20170831
[    0.004000] ACPI: 2 ACPI AML tables successfully acquired and loaded
[    0.004000] APIC: Switch to symmetric I/O mode setup
[    0.004000] ..TIMER: vector=0x30 apic1=0 pin1=2 apic2=-1 pin2=-1
[    0.004007] tsc: Detected 2918.410 MHz processor
[    0.008045] Calibrating delay loop (skipped) preset value.. 5836.82 BogoMIPS (lpj=11673640)
[    0.012010] pid_max: default: 32768 minimum: 301
[    0.016145] Security Framework initialized
[    0.020008] Yama: becoming mindful.
[    0.022438] AppArmor: AppArmor initialized
[    0.033874] Dentry cache hash table entries: 262144 (order: 9, 2097152 bytes)
[    0.041642] Inode-cache hash table entries: 131072 (order: 8, 1048576 bytes)
[    0.044130] Mount-cache hash table entries: 4096 (order: 3, 32768 bytes)
[    0.048132] Mountpoint-cache hash table entries: 4096 (order: 3, 32768 bytes)
[    0.057797] Last level iTLB entries: 4KB 0, 2MB 0, 4MB 0
[    0.060007] Last level dTLB entries: 4KB 0, 2MB 0, 4MB 0, 1GB 0
[    0.064012] Spectre V1 : Mitigation: usercopy/swapgs barriers and __user pointer sanitization
[    0.068006] Spectre V2 : Mitigation: Enhanced IBRS
[    0.072008] Spectre V2 : Spectre v2 / SpectreRSB mitigation: Filling RSB on context switch
[    0.076003] Spectre V2 : Spectre v2 / PBRSB-eIBRS: Retire a single CALL on VMEXIT
[    0.080003] RETBleed: Mitigation: Enhanced IBRS
[    0.084005] Speculative Store Bypass: Vulnerable
[    0.088246] Freeing SMP alternatives memory: 36K
[    0.208435] smpboot: CPU0: 11th Gen Intel(R) Core(TM) i7-11390H @ 3.40GHz (family: 0x6, model: 0x8c, stepping: 0x2)
[    0.212516] Performance Events: unsupported p6 CPU model 140 no PMU driver, software events only.
[    0.216156] Hierarchical SRCU implementation.
[    0.220612] NMI watchdog: Perf event create on CPU 0 failed with -2
[    0.224003] NMI watchdog: Perf NMI watchdog permanently disabled
[    0.228269] smp: Bringing up secondary CPUs ...
[    0.236872] x86: Booting SMP configuration:
[    0.240004] .... node  #0, CPUs:      #1
[    0.004000] kvm-clock: cpu 1, msr 0:7ff44041, secondary cpu clock
[    0.258398] TSC synchronization [CPU#0 -> CPU#1]:
[    0.260000] Measured 129850 cycles TSC warp between CPUs, turning off TSC clock.
[    0.260000] tsc: Marking TSC unstable due to check_tsc_sync_source failed
[    0.264075] smp: Brought up 1 node, 2 CPUs
[    0.268009] smpboot: Max logical packages: 1
[    0.271165] smpboot: Total of 2 processors activated (11673.64 BogoMIPS)
[    0.277699] devtmpfs: initialized
[    0.278472] x86/mm: Memory block size: 128MB
[    0.280508] evm: security.selinux
[    0.284003] evm: security.SMACK64
[    0.288002] evm: security.SMACK64EXEC
[    0.290753] evm: security.SMACK64TRANSMUTE
[    0.292002] evm: security.SMACK64MMAP
[    0.296002] evm: security.apparmor
[    0.298552] evm: security.ima
[    0.300003] evm: security.capability
[    0.304418] clocksource: jiffies: mask: 0xffffffff max_cycles: 0xffffffff, max_idle_ns: 7645041785100000 ns
[    0.308009] futex hash table entries: 512 (order: 3, 32768 bytes)
[    0.312170] pinctrl core: initialized pinctrl subsystem
[    0.316416] RTC time: 21:59:12, date: 04/15/24
[    0.324168] NET: Registered protocol family 16
[    0.327645] audit: initializing netlink subsys (disabled)
[    0.328417] audit: type=2000 audit(1713218357.861:1): state=initialized audit_enabled=0 res=1
[    0.340009] cpuidle: using governor ladder
[    0.344011] cpuidle: using governor menu
[    0.348046] ACPI: bus type PCI registered
[    0.351440] acpiphp: ACPI Hot Plug PCI Controller Driver version: 0.5
[    0.356142] PCI: Using configuration type 1 for base access
[    0.364159] HugeTLB registered 2.00 MiB page size, pre-allocated 0 pages
[    0.372239] ACPI: Added _OSI(Module Device)
[    0.376014] ACPI: Added _OSI(Processor Device)
[    0.380006] ACPI: Added _OSI(3.0 _SCP Extensions)
[    0.384005] ACPI: Added _OSI(Processor Aggregator Device)
[    0.388007] ACPI: Added _OSI(Linux-Dell-Video)
[    0.391751] ACPI: Added _OSI(Linux-Lenovo-NV-HDMI-Audio)
[    0.392007] ACPI: Added _OSI(Linux-HPI-Hybrid-Graphics)
[    0.397063] ACPI: Executed 1 blocks of module-level executable AML code
[    0.406685] ACPI: Interpreter enabled
[    0.408036] ACPI: (supports S0 S5)
[    0.412005] ACPI: Using IOAPIC for interrupt routing
[    0.416290] PCI: Using host bridge windows from ACPI; if necessary, use "pci=nocrs" and report a bug
[    0.420377] ACPI: Enabled 2 GPEs in block 00 to 07
[    0.433443] ACPI: PCI Root Bridge [PCI0] (domain 0000 [bus 00-ff])
[    0.436011] acpi PNP0A03:00: _OSC: OS supports [ASPM ClockPM Segments MSI]
[    0.441030] acpi PNP0A03:00: _OSC: not requesting OS control; OS requires [ExtendedConfig ASPM ClockPM MSI]
[    0.444021] acpi PNP0A03:00: fail to add MMCONFIG information, can't access extended PCI configuration space under this bridge.
[    0.452529] PCI host bridge to bus 0000:00
[    0.456004] pci_bus 0000:00: root bus resource [io  0x0000-0x0cf7 window]
[    0.460004] pci_bus 0000:00: root bus resource [io  0x0d00-0xffff window]
[    0.464007] pci_bus 0000:00: root bus resource [mem 0x000a0000-0x000bffff window]
[    0.468005] pci_bus 0000:00: root bus resource [mem 0x80000000-0xfdffffff window]
[    0.472005] pci_bus 0000:00: root bus resource [bus 00-ff]
[    0.484057] pci 0000:00:01.1: legacy IDE quirk: reg 0x10: [io  0x01f0-0x01f7]
[    0.488004] pci 0000:00:01.1: legacy IDE quirk: reg 0x14: [io  0x03f6]
[    0.492004] pci 0000:00:01.1: legacy IDE quirk: reg 0x18: [io  0x0170-0x0177]
[    0.496004] pci 0000:00:01.1: legacy IDE quirk: reg 0x1c: [io  0x0376]
[    0.520355] pci 0000:00:07.0: quirk: [io  0x4000-0x403f] claimed by PIIX4 ACPI
[    0.524033] pci 0000:00:07.0: quirk: [io  0x4100-0x410f] claimed by PIIX4 SMB
[    0.540104] ACPI: PCI Interrupt Link [LNKA] (IRQs 5 9 10 *11)
[    0.544520] ACPI: PCI Interrupt Link [LNKB] (IRQs 5 9 *10 11)
[    0.548175] ACPI: PCI Interrupt Link [LNKC] (IRQs 5 *9 10 11)
[    0.552170] ACPI: PCI Interrupt Link [LNKD] (IRQs 5 9 10 *11)
[    0.556726] SCSI subsystem initialized
[    0.560155] pci 0000:00:02.0: vgaarb: setting as boot VGA device
[    0.564000] pci 0000:00:02.0: vgaarb: VGA device added: decodes=io+mem,owns=io+mem,locks=none
[    0.564006] pci 0000:00:02.0: vgaarb: bridge control possible
[    0.568003] vgaarb: loaded
[    0.572096] ACPI: bus type USB registered
[    0.576029] usbcore: registered new interface driver usbfs
[    0.580038] usbcore: registered new interface driver hub
[    0.584012] usbcore: registered new device driver usb
[    0.588184] EDAC MC: Ver: 3.0.0
[    0.592872] PCI: Using ACPI for IRQ routing
[    0.597105] NetLabel: Initializing
[    0.600004] NetLabel:  domain hash size = 128
[    0.604003] NetLabel:  protocols = UNLABELED CIPSOv4 CALIPSO
[    0.608204] NetLabel:  unlabeled traffic allowed by default
[    0.616373] clocksource: Switched to clocksource kvm-clock
[    0.624615] VFS: Disk quotas dquot_6.6.0
[    0.624615] VFS: Dquot-cache hash table entries: 512 (order 0, 4096 bytes)
[    0.624615] AppArmor: AppArmor Filesystem Enabled
[    0.624615] pnp: PnP ACPI init
[    0.624615] pnp: PnP ACPI: found 3 devices
[    0.706665] clocksource: acpi_pm: mask: 0xffffff max_cycles: 0xffffff, max_idle_ns: 2085701024 ns
[    0.708151] NET: Registered protocol family 2
[    0.708151] IP idents hash table entries: 32768 (order: 6, 262144 bytes)
[    0.721834] TCP established hash table entries: 16384 (order: 5, 131072 bytes)
[    0.727444] TCP bind hash table entries: 16384 (order: 6, 262144 bytes)
[    0.732578] TCP: Hash tables configured (established 16384 bind 16384)
[    0.735774] UDP hash table entries: 1024 (order: 3, 32768 bytes)
[    0.735774] UDP-Lite hash table entries: 1024 (order: 3, 32768 bytes)
[    0.735774] NET: Registered protocol family 1
[    0.735774] pci 0000:00:00.0: Limiting direct PCI/PCI transfers
[    0.735774] pci 0000:00:01.0: Activating ISA DMA hang workarounds
[    0.735774] pci 0000:00:02.0: Video device with shadowed ROM at [mem 0x000c0000-0x000dffff]
[    0.735774] Unpacking initramfs...
[    1.241908] Freeing initrd memory: 19528K
[    1.246367] clocksource: tsc: mask: 0xffffffffffffffff max_cycles: 0x2a11328d4e4, max_idle_ns: 440795313893 ns
[    1.256353] platform rtc_cmos: registered platform RTC device (no PNP device found)
[    1.267500] Scanning for low memory corruption every 60 seconds
[    1.276127] Initialise system trusted keyrings
[    1.282533] Key type blacklist registered
[    1.288636] workingset: timestamp_bits=36 max_order=19 bucket_order=0
[    1.295355] zbud: loaded
[    1.298849] squashfs: version 4.0 (2009/01/31) Phillip Lougher
[    1.303895] fuse init (API version 7.26)
[    1.329664] Key type asymmetric registered
[    1.334138] Asymmetric key parser 'x509' registered
[    1.339940] Block layer SCSI generic (bsg) driver version 0.4 loaded (major 246)
[    1.346902] io scheduler noop registered
[    1.350475] io scheduler deadline registered
[    1.354055] io scheduler cfq registered (default)
[    1.358574] ACPI: AC Adapter [AC] (on-line)
[    1.362242] input: Power Button as /devices/LNXSYSTM:00/LNXPWRBN:00/input/input0
[    1.368069] ACPI: Power Button [PWRF]
[    1.373250] input: Sleep Button as /devices/LNXSYSTM:00/LNXSLPBN:00/input/input1
[    1.379448] ACPI: Sleep Button [SLPF]
[    1.385859] ACPI: Battery Slot [BAT0] (battery present)
[    1.391369] Serial: 8250/16550 driver, 32 ports, IRQ sharing enabled
[    1.425713] 00:02: ttyS0 at I/O 0x3f8 (irq = 4, base_baud = 115200) is a 16550A
[    1.434701] Linux agpgart interface v0.103
[    1.441377] loop: module loaded
[    1.446686] scsi host0: ata_piix
[    1.450014] scsi host1: ata_piix
[    1.452961] ata1: PATA max UDMA/33 cmd 0x1f0 ctl 0x3f6 bmdma 0xd000 irq 14
[    1.458164] ata2: PATA max UDMA/33 cmd 0x170 ctl 0x376 bmdma 0xd008 irq 15
[    1.463460] tun: Universal TUN/TAP device driver, 1.6
[    1.469227] PPP generic driver version 2.4.2
[    1.472969] ehci_hcd: USB 2.0 'Enhanced' Host Controller (EHCI) Driver
[    1.477657] ehci-pci: EHCI PCI platform driver
[    1.481286] ehci-platform: EHCI generic platform driver
[    1.485683] ohci_hcd: USB 1.1 'Open' Host Controller (OHCI) Driver
[    1.490600] ohci-pci: OHCI PCI platform driver
[    1.494349] ohci-platform: OHCI generic platform driver
[    1.498835] uhci_hcd: USB Universal Host Controller Interface driver
[    1.503903] i8042: PNP: PS/2 Controller [PNP0303:PS2K,PNP0f03:PS2M] at 0x60,0x64 irq 1,12
[    1.513050] serio: i8042 KBD port at 0x60,0x64 irq 1
[    1.517252] serio: i8042 AUX port at 0x60,0x64 irq 12
[    1.521559] mousedev: PS/2 mouse device common for all mice
[    1.526846] input: AT Translated Set 2 keyboard as /devices/platform/i8042/serio0/input/input2
[    1.535350] rtc_cmos rtc_cmos: rtc core: registered rtc_cmos as rtc0
[    1.540743] rtc_cmos rtc_cmos: alarms up to one day, 114 bytes nvram
[    1.545902] i2c /dev entries driver
[    1.548526] device-mapper: uevent: version 1.0.3
[    1.552071] device-mapper: ioctl: 4.37.0-ioctl (2017-09-20) initialised: dm-devel@redhat.com
[    1.557984] ledtrig-cpu: registered to indicate activity on CPUs
[    1.564536] NET: Registered protocol family 10
[    1.575424] Segment Routing with IPv6
[    1.578063] NET: Registered protocol family 17
[    1.581369] Key type dns_resolver registered
[    1.584999] mce: Using 0 MCE banks
[    1.587135] RAS: Correctable Errors collector initialized.
[    1.590434] sched_clock: Marking stable (1590329314, 0)->(2483108687, -892779373)
[    1.599517] registered taskstats version 1
[    1.602007] Loading compiled-in X.509 certificates
[    1.611524] Loaded X.509 cert 'Build time autogenerated kernel key: b5b26778eaa3ab3a4a6cee031137706e947d12ad'
[    1.621695] Loaded X.509 cert 'Canonical Ltd. Live Patch Signing: 14df34d1a87cf37625abec039ef2bf521249b969'
[    1.641124] Loaded X.509 cert 'Canonical Ltd. Kernel Module Signing: 88f752e560a1e0737e31163a466ad7b70a850c19'
[    1.648760] blacklist: Loading compiled-in revocation X.509 certificates
[    1.654433] Loaded X.509 cert 'Canonical Ltd. Secure Boot Signing: 61482aa2830d0ab2ad5af10b7250da9033ddcef0'
[    1.664907] Loaded X.509 cert 'Canonical Ltd. Secure Boot Signing (2017): 242ade75ac4a15e50d50c84b0d45ff3eae707a03'
[    1.674461] Loaded X.509 cert 'Canonical Ltd. Secure Boot Signing (ESM 2018): 365188c1d374d6b07c3c8f240f8ef722433d6a8b'
[    1.684715] Loaded X.509 cert 'Canonical Ltd. Secure Boot Signing (2019): c0746fd6c5da3ae827864651ad66ae47fe24b3e8'
[    1.696131] Loaded X.509 cert 'Canonical Ltd. Secure Boot Signing (2021 v1): a8d54bbb3825cfb94fa13c9f8a594a195c107b8d'
[    1.703750] Loaded X.509 cert 'Canonical Ltd. Secure Boot Signing (2021 v2): 4cf046892d6fd3c9a5b03f98d845f90851dc6a8c'
[    1.711118] Loaded X.509 cert 'Canonical Ltd. Secure Boot Signing (2021 v3): 100437bb6de6e469b581e61cd66bce3ef4ed53af'
[    1.719125] Loaded X.509 cert 'Canonical Ltd. Secure Boot Signing (Ubuntu Core 2019): c1d57b8f6b743f23ee41f4f7ee292f06eecadfb9'
[    1.726728] zswap: loaded using pool lzo/zbud
[    1.739427] Key type big_key registered
[    1.742454] Key type trusted registered
[    1.749374] Key type encrypted registered
[    1.752840] AppArmor: AppArmor sha1 policy hashing enabled
[    1.759574] ima: No TPM chip found, activating TPM-bypass! (rc=-19)
[    1.766157] ima: Allocated hash algorithm: sha1
[    1.769836] evm: HMAC attrs: 0x1
[    1.773196]   Magic number: 4:785:1005
[    1.776514] input input2: hash matches
[    1.782375] rtc_cmos rtc_cmos: setting system clock to 2024-04-15 21:59:14 UTC (1713218354)
[    1.791387] BIOS EDD facility v0.16 2004-Jun-25, 0 devices found
[    1.796426] EDD information not available.
[    1.802721] Freeing unused kernel image memory: 2480K
[    1.824304] Write protecting the kernel read-only data: 20480k
[    1.834265] Freeing unused kernel image memory: 2008K
[    1.841714] Freeing unused kernel image memory: 1820K
[    1.854293] x86/mm: Checked W+X mappings: passed, no W+X pages found.
Loading, please wait...
starting version 237
[    1.974762] Fusion MPT base driver 3.04.20
[    1.983344] Copyright (c) 1999-2008 LSI Corporation
[    1.986531] e1000: Intel(R) PRO/1000 Network Driver - version 7.3.21-k8-NAPI
[    1.995890] e1000: Copyright (c) 1999-2006 Intel Corporation.
[    2.037312] SSE version of gcm_enc/dec engaged.
[    2.048345] Fusion MPT SPI Host driver 3.04.20
[    2.245705] input: ImExPS/2 Generic Explorer Mouse as /devices/platform/i8042/serio1/input/input4
[    2.689122] e1000 0000:00:03.0 eth0: (PCI:33MHz:32-bit) 02:3b:7b:b7:3b:2d
[    2.697432] e1000 0000:00:03.0 eth0: Intel(R) PRO/1000 Network Connection
[    2.704660] mptbase: ioc0: Initiating bringup
[    2.825219] ioc0: LSI53C1030 A0: Capabilities={Initiator}
[    3.102997] scsi host2: ioc0: LSI53C1030 A0, FwRev=00000000h, Ports=1, MaxQ=256, IRQ=20
[    3.281852] scsi 2:0:0:0: Direct-Access     VBOX     HARDDISK         1.0  PQ: 0 ANSI: 5
[    3.348367] scsi target2:0:0: Beginning Domain Validation
[    3.366292] scsi target2:0:0: Domain Validation skipping write tests
[    3.371476] scsi target2:0:0: Ending Domain Validation
[    3.375673] scsi target2:0:0: asynchronous
[    3.381590] scsi 2:0:1:0: Direct-Access     VBOX     HARDDISK         1.0  PQ: 0 ANSI: 5
[    3.808185] scsi target2:0:1: Beginning Domain Validation
[    3.817193] scsi target2:0:1: Domain Validation skipping write tests
[    3.823207] scsi target2:0:1: Ending Domain Validation
[    3.828362] scsi target2:0:1: asynchronous
[    3.843992] sd 2:0:0:0: [sda] 83886080 512-byte logical blocks: (42.9 GB/40.0 GiB)
[    3.850969] sd 2:0:0:0: Attached scsi generic sg0 type 0
[    3.856832] sd 2:0:0:0: [sda] Write Protect is off
[    3.865641] sd 2:0:1:0: [sdb] 20480 512-byte logical blocks: (10.5 MB/10.0 MiB)
[    3.875181] sd 2:0:1:0: Attached scsi generic sg1 type 0
[    3.881052] sd 2:0:0:0: [sda] Incomplete mode parameter data
[    3.887750] sd 2:0:0:0: [sda] Assuming drive cache: write through
[    3.896676] sd 2:0:1:0: [sdb] Write Protect is off
[    3.906318] sd 2:0:1:0: [sdb] Incomplete mode parameter data
[    3.910979] sd 2:0:1:0: [sdb] Assuming drive cache: write through
[    3.923095]  sda: sda1
[    3.927815] sd 2:0:0:0: [sda] Attached SCSI disk
[    3.936051] sd 2:0:1:0: [sdb] Attached SCSI disk
[    4.045346] e1000 0000:00:08.0 eth1: (PCI:33MHz:32-bit) 08:00:27:80:de:82
[    4.051805] e1000 0000:00:08.0 eth1: Intel(R) PRO/1000 Network Connection
[    4.062057] e1000 0000:00:03.0 enp0s3: renamed from eth0
[    4.085050] e1000 0000:00:08.0 enp0s8: renamed from eth1
Begin: Loading essential drivers ... [    7.780178] raid6: sse2x1   gen() 11589 MB/s
[    7.832232] raid6: sse2x1   xor()  6466 MB/s
[    7.884222] raid6: sse2x2   gen() 12706 MB/s
[    7.936203] raid6: sse2x2   xor()  9180 MB/s
[    7.987960] raid6: sse2x4   gen() 13201 MB/s
[    8.036918] raid6: sse2x4   xor()  8992 MB/s
[    8.042443] raid6: using algorithm sse2x4 gen() 13201 MB/s
[    8.047181] raid6: .... xor() 8992 MB/s, rmw enabled
[    8.053273] raid6: using ssse3x2 recovery algorithm
[    8.063342] xor: measuring software checksum speed
[   12.469102]    prefetch64-sse: 12526.704 MB/sec
[   12.573373]    generic_sse: 48787.000 MB/sec
[   12.578525] xor: using function: generic_sse (48787.000 MB/sec)
[   12.585683] async_tx: api initialized (async)
done.
Begin: Running /scripts/init-premount ... done.
Begin: Mounting root file system ... Begin: Running /scripts/local-top ... done.
Begin: Running /scripts/local-premount ... [   12.646292] Btrfs loaded, crc32c=crc32c-intel
Scanning for Btrfs filesystems
done.
Warning: fsck not present, so skipping root file system
[   12.691886] EXT4-fs (sda1): mounted filesystem with ordered data mode. Opts: (null)
done.
Begin: Running /scripts/local-bottom ... done.
Begin: Running /scripts/init-bottom ... done.
[   12.888971] ip_tables: (C) 2000-2006 Netfilter Core Team
[   12.903678] systemd[1]: systemd 237 running in system mode. (+PAM +AUDIT +SELINUX +IMA +APPARMOR +SMACK +SYSVINIT +UTMP +LIBCRYPTSETUP +GCRYPT +GNUTLS +ACL +XZ +LZ4 +SECCOMP +BLKID +ELFUTILS +KMOD -IDN2 +IDN -PCRE2 default-hierarchy=hybrid)
[   12.921930] systemd[1]: Detected virtualization oracle.
[   12.926171] systemd[1]: Detected architecture x86-64.

Welcome to [1mUbuntu 18.04.6 LTS[0m!

[   12.960206] systemd[1]: Set hostname to <ubuntu>.
[   12.966968] systemd[1]: Initializing machine ID from random generator.
[   12.972158] systemd[1]: Installed transient /etc/machine-id file.
[   13.360326] systemd[1]: Started Forward Password Requests to Wall Directory Watch.
[[0;32m  OK  [0m] Started Forward Password Requests to Wall Directory Watch.
[   13.373706] systemd[1]: Set up automount Arbitrary Executable File Formats File System Automount Point.
[[0;32m  OK  [0m] Set up automount Arbitrary Executabâ€¦rmats File System Automount Point.
[   13.400358] systemd[1]: Created slice System Slice.
[[0;32m  OK  [0m] Created slice System Slice.
[   13.408108] systemd[1]: Listening on LVM2 poll daemon socket.
[[0;32m  OK  [0m] Listening on LVM2 poll daemon socket.
[[0;32m  OK  [0m] Listening on Journal Socket.
         Mounting POSIX Message Queue File System...
         Starting Set the console keyboard layout...
[[0;32m  OK  [0m] Created slice User and Session Slice.
[[0;32m  OK  [0m] Reached target Slices.
[[0;32m  OK  [0m] Listening on Journal Socket (/dev/log).
         Mounting Huge Pages File System...
[[0;32m  OK  [0m] Reached target Swap.
         Starting Create list of required stâ€¦ce nodes for the current kernel...
[[0;32m  OK  [0m] Listening on udev Control Socket.
[[0;32m  OK  [0m] Listening on Device-mapper event daemon FIFOs.
[[0;32m  OK  [0m] Listening on Network Service Netlink Socket.
[[0;32m  OK  [0m] Listening on fsck to fsckd communication Socket.
[[0;32m  OK  [0m] Created slice system-serial\x2dgetty.slice.
[[0;32m  OK  [0m] Listening on /dev/initctl Compatibility Named Pipe.
[[0;32m  OK  [0m] Reached target User and Group Name Lookups.
         Starting File System Check on Root Device...
         Starting Load Kernel Modules...
[[0;32m  OK  [0m] Reached target System Time Synchronized.
[[0;32m  OK  [0m] Reached target Mounting snaps.
[[0;32m  OK  [0m] Reached target Mounted snaps.
[[0;32m  OK  [0m] Listening on udev Kernel Socket.
         Starting udev Coldplug all Devices...
         Starting Uncomplicated firewall...
         Mounting Kernel Debug File System...
[[0;32m  OK  [0m] Listening on Syslog Socket.
[[0;32m  OK  [0m] Listening on Journal Audit Socket.
[[0;32m  OK  [0m] Listening on LVM2 metadata daemon socket.
         Starting Monitoring of LVM2 mirrorsâ€¦ng dmeventd or progress polling...
[   13.551332] Loading iSCSI transport class v2.0-870.
         Starting Journal Service...
[[0;32m  OK  [0m] Mounted POSIX Message Queue File System.
[[0;32m  OK  [0m] Mounted Huge Pages File System.
[[0;32m  OK  [0m] Started Create list of required staâ€¦vice nodes for the current kernel.
[[0;32m  OK  [0m] Mounted Kernel Debug File System.
[[0;32m  OK  [0m] Started File System Check Daemon to report status.
         Starting Create Static Device Nodes in /dev...
[[0;32m  OK  [0m] Started File System Check on Root Device.
         Starting Remount Root and Kernel File Systems...
[[0;32m  OK  [0m] Started Uncomplicated firewall.
[[0;32m  OK  [0m] Started LVM2 metadata daemon.
[   13.641410] iscsi: registered transport (tcp)
[[0;32m  OK  [0m] Started udev Coldplug all Devices.
[[0;32m  OK  [0m] Started Create Static Device Nodes in /dev.
[[0;32m  OK  [0m] Started Journal Service.
[   13.729627] iscsi: registered transport (iser)
[[0;32m  OK  [0m] Started Load Kernel Modules.
         Starting Apply Kernel Variables...
[   13.741626] EXT4-fs (sda1): re-mounted. Opts: (null)
         Mounting FUSE Control File System...
         Mounting Kernel Configuration File System...
[[0;32m  OK  [0m] Started Remount Root and Kernel File Systems.
[[0;32m  OK  [0m] Mounted FUSE Control File System.
         Starting Flush Journal to Persistent Storage...
         Starting Load/Save Random Seed...
         Starting udev Kernel Device Manager...
[[0;32m  OK  [0m] Mounted Kernel Configuration File System.
[[0;32m  OK  [0m] Started Load/Save Random Seed.
[[0;32m  OK  [0m] Started udev Kernel Device Manager.
[[0;32m  OK  [0m] Started Apply Kernel Variables.
[[0;32m  OK  [0m] Started Monitoring of LVM2 mirrors,â€¦sing dmeventd or progress polling.
[[0;32m  OK  [0m] Started Flush Journal to Persistent Storage.
[[0;32m  OK  [0m] Found device /dev/ttyS0.
[[0;32m  OK  [0m] Listening on Load/Save RF Kill Switch Status /dev/rfkill Watch.
[[0;32m  OK  [0m] Started Set the console keyboard layout.
[[0;32m  OK  [0m] Reached target Local File Systems (Pre).
[[0;32m  OK  [0m] Reached target Local File Systems.
         Starting AppArmor initialization...
         Starting ebtables ruleset management...
         Starting Set console font and keymap...
         Starting Tell Plymouth To Write Out Runtime Data...
         Starting Create Volatile Files and Directories...
         Starting Commit a transient machine-id on disk...
[[0;32m  OK  [0m] Started Dispatch Password Requests to Console Directory Watch.
[[0;32m  OK  [0m] Reached target Local Encrypted Volumes.
[[0;32m  OK  [0m] Started Tell Plymouth To Write Out Runtime Data.
[[0;32m  OK  [0m] Started Create Volatile Files and Directories.
         Starting Update UTMP about System Boot/Shutdown...
[[0;32m  OK  [0m] Started Update UTMP about System Boot/Shutdown.
[[0;32m  OK  [0m] Started Commit a transient machine-id on disk.
[[0;32m  OK  [0m] Started ebtables ruleset management.
         Mounting Arbitrary Executable File Formats File System...
[[0;32m  OK  [0m] Mounted Arbitrary Executable File Formats File System.
[[0;32m  OK  [0m] Started AppArmor initialization.
         Starting Load AppArmor profiles managed internally by snapd...
         Starting Initial cloud-init job (pre-networking)...
[[0;32m  OK  [0m] Started Load AppArmor profiles managed internally by snapd.
[[0;32m  OK  [0m] Started Set console font and keymap.
[   17.823314] cloud-init[750]: Cloud-init v. 23.1.2-0ubuntu0~18.04.1 running 'init-local' at Mon, 15 Apr 2024 21:59:30 +0000. Up 17.33 seconds.
[[0;32m  OK  [0m] Started Initial cloud-init job (pre-networking).
[[0;32m  OK  [0m] Reached target Network (Pre).
         Starting Network Service...
[[0;32m  OK  [0m] Started Network Service.
         Starting Network Name Resolution...
         Starting Wait for Network to be Configured...
[[0;32m  OK  [0m] Started Network Name Resolution.
[[0;32m  OK  [0m] Reached target Network.
[[0;32m  OK  [0m] Reached target Host and Network Name Lookups.
[[0;32m  OK  [0m] Started Wait for Network to be Configured.
         Starting Initial cloud-init job (metadata service crawler)...
[   19.659133] cloud-init[915]: Cloud-init v. 23.1.2-0ubuntu0~18.04.1 running 'init' at Mon, 15 Apr 2024 21:59:32 +0000. Up 19.51 seconds.
[   19.668962] cloud-init[915]: ci-info: ++++++++++++++++++++++++++++++++++++++Net device info+++++++++++++++++++++++++++++++++++++++
[   19.674683] cloud-init[915]: ci-info: +--------+-------+----------------------------+---------------+--------+-------------------+
[   19.680779] cloud-init[915]: ci-info: | Device |   Up  |          Address           |      Mask     | Scope  |     Hw-Address    |
[   19.686133] cloud-init[915]: ci-info: +--------+-------+----------------------------+---------------+--------+-------------------+
[   19.690961] cloud-init[915]: ci-info: | enp0s3 |  True |         10.0.2.15          | 255.255.255.0 | global | 02:3b:7b:b7:3b:2d |
[   19.695070] cloud-init[915]: ci-info: | enp0s3 |  True | fe80::3b:7bff:feb7:3b2d/64 |       .       |  link  | 02:3b:7b:b7:3b:2d |
[   19.698192] cloud-init[915]: ci-info: | enp0s8 | False |             .              |       .       |   .    | 08:00:27:80:de:82 |
[   19.701501] cloud-init[915]: ci-info: |   lo   |  True |         127.0.0.1          |   255.0.0.0   |  host  |         .         |
[   19.704925] cloud-init[915]: ci-info: |   lo   |  True |          ::1/128           |       .       |  host  |         .         |
[   19.708433] cloud-init[915]: ci-info: +--------+-------+----------------------------+---------------+--------+-------------------+
[   19.711808] cloud-init[915]: ci-info: ++++++++++++++++++++++++++++Route IPv4 info+++++++++++++++++++++++++++++
[   19.714268] cloud-init[915]: ci-info: +-------+-------------+----------+-----------------+-----------+-------+
[   19.716815] cloud-init[915]: ci-info: | Route | Destination | Gateway  |     Genmask     | Interface | Flags |
[   19.733242] cloud-init[915]: ci-info: +-------+-------------+----------+-----------------+-----------+-------+
[   19.736054] cloud-init[915]: ci-info: |   0   |   0.0.0.0   | 10.0.2.2 |     0.0.0.0     |   enp0s3  |   UG  |
[   19.738570] cloud-init[915]: ci-info: |   1   |   10.0.2.0  | 0.0.0.0  |  255.255.255.0  |   enp0s3  |   U   |
[   19.741708] cloud-init[915]: ci-info: |   2   |   10.0.2.2  | 0.0.0.0  | 255.255.255.255 |   enp0s3  |   UH  |
[   19.744825] cloud-init[915]: ci-info: +-------+-------------+----------+-----------------+-----------+-------+
[   19.747426] cloud-init[915]: ci-info: +++++++++++++++++++Route IPv6 info+++++++++++++++++++
[   19.749729] cloud-init[915]: ci-info: +-------+-------------+---------+-----------+-------+
[   19.752305] cloud-init[915]: ci-info: | Route | Destination | Gateway | Interface | Flags |
[   19.755462] cloud-init[915]: ci-info: +-------+-------------+---------+-----------+-------+
[   19.760385] cloud-init[915]: ci-info: |   1   |  fe80::/64  |    ::   |   enp0s3  |   U   |
[   19.769228] cloud-init[915]: ci-info: |   3   |    local    |    ::   |   enp0s3  |   U   |
[   19.772813] cloud-init[915]: ci-info: |   4   |   ff00::/8  |    ::   |   enp0s3  |   U   |
[   19.775914] cloud-init[915]: ci-info: +-------+-------------+---------+-----------+-------+
[   20.495588] cloud-init[915]: Generating public/private rsa key pair.
[   20.499282] cloud-init[915]: Your identification has been saved in /etc/ssh/ssh_host_rsa_key.
[   20.503011] cloud-init[915]: Your public key has been saved in /etc/ssh/ssh_host_rsa_key.pub.
[   20.508235] cloud-init[915]: The key fingerprint is:
[   20.513376] cloud-init[915]: SHA256:iIVrUaxSOt/hqUOnb9PRMnNA10hdsnf0L5O2cz0EWvw root@ubuntu-bionic
[   20.519335] cloud-init[915]: The key's randomart image is:
[   20.523177] cloud-init[915]: +---[RSA 2048]----+
[   20.526537] cloud-init[915]: |     ..  ..+... .|
[   20.529902] cloud-init[915]: |    .o. . o +o ..|
[   20.534090] cloud-init[915]: |   oo... .  .+. o|
[   20.539208] cloud-init[915]: |  + .=...   o.oo.|
[   20.543879] [[0;32m  OK  [0m] Started Initial cloud-init job (metadata service crawler).
[[0;32m  OK  [0m] Reached target System Initialization.
[[0;32m  OK  [0m] Started Ubuntu Advantage Timer for running repeated jobs.
[[0;32m  OK  [0m] Listening on D-Bus System Message Bus Socket.
[[0;32m  OK  [0m] Started Daily apt download activities.
[[0;32m  OK  [0m] Started Daily Cleanup of Temporary Directories.
[[0;32m  OK  [0m] Started Discard unused blocks once a week.
[[0;32m  OK  [0m] Listening on cloud-init hotplug hook socket.
[[0;32m  OK  [0m] Started Message of the Day.
[[0;32m  OK  [0m] Listening on Open-iSCSI iscsid Socket.
[[0;32m  OK  [0m] Listening on UUID daemon activation socket.
cloud-init         Starting LXD - unix socket.
         Starting Socket activation for snappy daemon.
[[0;32m  OK  [0m] Listening on ACPID Listen Socket.
[915]: |   ++o.oSo .  =E.|
[   20.552949] cloud-init[915]: |   .o = = o  ..+.|
[   20.553305] cloud-init[915]: |   . + . *    o.o|
[   20.553665] cloud-init[915]: |    + o .      o.|
[   20.554025] cloud-init[915]: |     +..         |
[   20.554382] cloud-init[915]: +----[SHA256]-----+
[   20.554736] cloud-init[915]: Generating public/private dsa key pair.
[   20.555102] cloud-init[915]: Your identification has been saved in /etc/ssh/ssh_host_dsa_key.
[   20.555458] cloud-init[915]: Your public key has been saved in /etc/ssh/ssh_host_dsa_key.pub.
[   20.555819] cloud-init[915]: The key fingerprint is:
[   20.556594] cloud-init[915]: SHA256:Nw1tfytbqi3NM/gD2Dr+pe/mboQnxjXkSFMxQAZvlNA root@ubuntu-bionic
[   20.556961] cloud-init[915]: The key's randomart image is:
[   20.557309] cloud-init[915]: +---[DSA 1024]----+
[   20.557685] cloud-init[915]: |         o==++.  |
[   20.558451] cloud-init[915]: |          +E ..  |
[   20.558813] cloud-init[915]: |          ooB    |
[   20.559171] cloud-init[915]: |          .= =   |
[   20.559538] cloud-init[915]: |        S * + o .|
[[0;32m  OK  [0m] Started Daily apt upgrade and clean activities.
[[0;32m  OK  [0m] Reached target Timers.
[[0;32m  OK  [0m] Started ACPI Events Check.
[[0;32m  OK  [0m] Reached target Paths.
[[0;32m  OK  [0m] Reached target Cloud-config availability.
[[0;32m  OK  [0m] Reached target Network is Online.
[[0;32m  OK  [0m] Reached target Remote File Systems (Pre).
[[0;32m  OK  [0m] Reached target Remote File Systems.
[   20.559901] cloud-init[915]: |         o O o ..|
         Starting Availability of block devices...
[[0;32m  OK  [0m] Listening on LXD - unix socket.
[[0;32m  OK  [0m] Listening on Socket activation for snappy daemon.
[   20.610426] cloud-init[[0;32m  OK  [0m] Started Availability of block devices.
[[0;32m  OK  [0m] Reached target Sockets.
[[0;32m  OK  [0m] Reached target Basic System.
         Starting Virtualbox guest utils...
         Starting Accounts Service...
[[0;32m  OK  [0m] Started D-Bus System Message Bus.
[915]: |          o Oo o |
[   20.630113] cloud-init[915]: |         o o+O=  |
[   20.640541] cloud-init[915]: |        ..o+@X+  |
[   20.645816] cloud-init[915]: +----[SHA256]-----+
[   20.649862] cloud-init[915]: Generating public/private ecdsa key pair.
[   20.655421] cloud-init[915]: Your identification has been saved in /etc/ssh/ssh_host_ecdsa_key.
[   20.663940] cloud-init[915]: Your public key has been saved in /etc/ssh/ssh_host_ecdsa_key.pub.
[   20.669182] cloud-init[915]: The key fingerprint is:
[   20.673597] cloud-init[915]: SHA256:GHVh8VSoLQoc8VOt4ijhsixzvCgebwW97ShoPOWnZoE root@ubuntu-bionic[[0;32m  OK  [0m] Started FUSE filesystem for LXC.

[   20.683136] cloud-init[915]: The key's randomart image is:
[   20.687844] cloud-init[915]: +---[ECDSA 256]---+
[   20.694872] cloud-init[915]: |      ... *+.o.  |
[   20.704043] cloud-init[915]: |      .o + oo    |
[   20.709360] cloud-init[915]: |    ....o  +.    |
[   20.718291] cloud-init[915]: |   ...oo..+ .    |
[   20.725602]          Starting Snap Daemon...
         Starting LXD - container startup/shutdown...
[[0;32m  OK  [0m] Started Deferred execution scheduler.
         Starting Pollinate to seed the pseudo random number generator...
         Starting LSB: automatic crash report generation...
[[0;32m  OK  [0m] Reached target Login Prompts (Pre).
cloud-init[915]: |  ....++So .     |         Starting Dispatcher daemon for systemd-networkd...
         Starting System Logging Service...

[   20.745288] cloud-init[915]: | E.ooo..o        |
[   20.751815] cloud-init[915]: |.++oo.o          |
[   20.757005] cloud-init[915]: |+*B* o .         |
[   20.763778] cloud-init[915]: |==*++            |
[   20.771380] cloud-init[[0;32m  OK  [0m] Started irqbalance daemon.
[915]: +----[SHA256]-----+         Starting Login Service...

[   20.787162]          Starting LSB: Record successful boot for GRUB...
cloud-init         Starting Permit User Sessions...
[915]: Generating public/private ed25519 key pair.
[   20.806795] cloud-init[915]: Your identification has been saved in /etc/ssh/ssh_host_ed25519_key.
[   20.814789] cloud-init[915]: Your public key has been saved in /etc/ssh/ssh_host_ed25519_key.pub.
[   20.834503] cloud-init[915]: The key fingerprint is:
[   20.853421] cloud-init[915]: SHA256:/vggNP9pOukVd25fUCOp7zzWul1cPNmjgQ1ZvCkQe0U root@ubuntu-bionic
[   20.856535] cloud-init[915]: The key's randomart image is:
[   20.858414] cloud-init[915]: +--[ED25519 256]--+
[   20.860342] cloud-init[915]: |         .. oE   |
[   20.861922] cloud-init[915]: |         .. +..  |
[   20.863195] cloud-init[915]: |         ..+ oo..|
[   20.865348] cloud-init[915]: |          ..=o.o+|
[   20.867687] cloud-init[915]: |      o S .oooo++|
[   20.870590] cloud-init[915]: |     . +   o.ooo+|
[   20.874000] cloud-init[915]: |      . +..  o+ +|
[   20.876060] cloud-init[915]: |       .o*..o+.oo|
[[0;32m  OK  [0m] Started Regular background program processing daemon.
[   20.881623] cloud-init[915]: |       .+== .=+..|
[   20.887308] cloud-init[915]: +----[SHA256]-----+
[[0;32m  OK  [0m] Started Permit User Sessions.
         Starting Terminate Plymouth Boot Screen...
         Starting Hold until boot process finishes up...
         Starting Authorization Manager...
[[0;32m  OK  [0m] Started Terminate Plymouth Boot Screen.
[[0;32m  OK  [0m] Started Hold until boot process finishes up.
         Starting Set console scheme...
[[0;32m  OK  [0m] Started Serial Getty on ttyS0.
[[0;32m  OK  [0m] Started System Logging Service.
[[0;32m  OK  [0m] Started Login Service.
[[0;32m  OK  [0m] Started Unattended Upgrades Shutdown.
[[0;32m  OK  [0m] Started LSB: automatic crash report generation.
[[0;32m  OK  [0m] Started Set console scheme.
[[0;32m  OK  [0m] Created slice system-getty.slice.
[[0;32m  OK  [0m] Started Getty on tty1.
[[0;32m  OK  [0m] Reached target Login Prompts.
[[0;32m  OK  [0m] Started LSB: Record successful boot for GRUB.
[[0;32m  OK  [0m] Started Authorization Manager.
[[0;32m  OK  [0m] Started Accounts Service.
[[0;32m  OK  [0m] Started Virtualbox guest utils.
[[0;32m  OK  [0m] Started LXD - container startup/shutdown.
[[0;32m  OK  [0m] Started Dispatcher daemon for systemd-networkd.
[[0;32m  OK  [0m] Started Snap Daemon.
         Starting Wait until snapd is fully seeded...
[[0;32m  OK  [0m] Started Pollinate to seed the pseudo random number generator.
         Starting OpenBSD Secure Shell server...
         Starting Time & Date Service...
[[0;32m  OK  [0m] Started OpenBSD Secure Shell server.
[[0;32m  OK  [0m] Started Time & Date Service.
[[0;32m  OK  [0m] Started Wait until snapd is fully seeded.
         Starting Apply the settings specified in cloud-config...
[[0;32m  OK  [0m] Created slice User Slice of vagrant.
         Starting User Manager for UID 1000...
[[0;32m  OK  [0m] Started Session 1 of user vagrant.
[   26.596643] cloud-init[1435]: Cloud-init v. 23.1.2-0ubuntu0~18.04.1 running 'modules:config' at Mon, 15 Apr 2024 21:59:38 +0000. Up 25.98 seconds.

Ubuntu 18.04.6 LTS ubuntu-bionic ttyS0

ubuntu-bionic login: ci-info: no authorized SSH keys fingerprints found for user ubuntu.
<14>Apr 15 21:59:40 cloud-init: #############################################################
<14>Apr 15 21:59:40 cloud-init: -----BEGIN SSH HOST KEY FINGERPRINTS-----
<14>Apr 15 21:59:40 cloud-init: 1024 SHA256:Nw1tfytbqi3NM/gD2Dr+pe/mboQnxjXkSFMxQAZvlNA root@ubuntu-bionic (DSA)
<14>Apr 15 21:59:40 cloud-init: 256 SHA256:GHVh8VSoLQoc8VOt4ijhsixzvCgebwW97ShoPOWnZoE root@ubuntu-bionic (ECDSA)
<14>Apr 15 21:59:40 cloud-init: 256 SHA256:/vggNP9pOukVd25fUCOp7zzWul1cPNmjgQ1ZvCkQe0U root@ubuntu-bionic (ED25519)
<14>Apr 15 21:59:40 cloud-init: 2048 SHA256:iIVrUaxSOt/hqUOnb9PRMnNA10hdsnf0L5O2cz0EWvw root@ubuntu-bionic (RSA)
<14>Apr 15 21:59:40 cloud-init: -----END SSH HOST KEY FINGERPRINTS-----
<14>Apr 15 21:59:40 cloud-init: #############################################################
-----BEGIN SSH HOST KEY KEYS-----
ecdsa-sha2-nistp256 AAAAE2VjZHNhLXNoYTItbmlzdHAyNTYAAAAIbmlzdHAyNTYAAABBBAyhoRiJSDkM7PMokxKk/g4EkROmwjJK1PC8A2fzi4vVPmoHA1l/Y3zVIjxPUOcBKcMqz7CJ6OAXtbJvIFyOTug= root@ubuntu-bionic
ssh-ed25519 AAAAC3NzaC1lZDI1NTE5AAAAIKJxQsy0x89H4Wztb1atis9Q2wXNkat4ly8YLX7fiv0R root@ubuntu-bionic
ssh-rsa AAAAB3NzaC1yc2EAAAADAQABAAABAQC+OhAHb/5OhbaGuEdMGZyXIKOqCY5nUp/8a2rfUKXUztx9ifJ/Beiy/H9l5ElduGkUlCvSQDOMUYA1JZunsjO8uNqpztMVmonZkzrhx8J+X+FdTHoCAY4BPKDgXb2nEtkM478UJAEoFhwS6hnXpobh8hfbbKu4N//Ld6iWOBkV0Iz1NLPj+D/KLB3ymy1eKAnnPYZ2et1yr8ZoIk+4wlnGC/kspdKUu+6ZBSnvWd+WpMnHaxcMPHM1DHYp9ef9i3mmLFXzwBE+2H3RXiXkme13PBJJBzZHSL0OAV47y4rG7+J+TrqaR4tLkUzSIt56hovWU/3mUEyVAFcRatOLsOJF root@ubuntu-bionic
-----END SSH HOST KEY KEYS-----
[   27.738196] cloud-init[1544]: Cloud-init v. 23.1.2-0ubuntu0~18.04.1 running 'modules:final' at Mon, 15 Apr 2024 21:59:40 +0000. Up 27.28 seconds.
[   27.766723] cloud-init[1544]: Cloud-init v. 23.1.2-0ubuntu0~18.04.1 finished at Mon, 15 Apr 2024 21:59:40 +0000. Datasource DataSourceNoCloud [seed=/dev/sdb][dsmode=net].  Up 27.72 seconds
